MPLINK 4.41, Linker
Linker Map File - Created Sat Jun 21 20:26:31 2025

                                 Section Info
                  Section       Type    Address   Location Size(Bytes)
                ---------  ---------  ---------  ---------  ---------
                   .org_0       code   0x000000    program   0x000002
                   .cinit    romdata   0x000001    program   0x000004
                   .org_1       code   0x000004    program   0x000206
   .config_2007_PROJECT.O       code   0x002007    program   0x000002



                              Program Memory Usage 
                               Start         End      
                           ---------   ---------      
                            0x000000    0x000002      
                            0x000004    0x000106      
                            0x002007    0x002007      
            263 out of 8454 program addresses used, program memory utilization is 3%



                              Symbols - Sorted by Name
                     Name    Address   Location    Storage File                     
                ---------  ---------  ---------  --------- ---------                
               blink_loop   0x000019    program     static C:\Users\Osaid\Documents\Projectfiles\project.asm
                 debounce   0x0000ee    program     static C:\Users\Osaid\Documents\Projectfiles\project.asm
                delay_1ms   0x0000fc    program     static C:\Users\Osaid\Documents\Projectfiles\project.asm
               delay_20ms   0x0000f6    program     static C:\Users\Osaid\Documents\Projectfiles\project.asm
              delay_500ms   0x0000f1    program     static C:\Users\Osaid\Documents\Projectfiles\project.asm
                delay_5ms   0x0000f9    program     static C:\Users\Osaid\Documents\Projectfiles\project.asm
                 delay_ms   0x0000ff    program     static C:\Users\Osaid\Documents\Projectfiles\project.asm
         digit_entry_loop   0x00002c    program     static C:\Users\Osaid\Documents\Projectfiles\project.asm
       display_all_digits   0x00008d    program     static C:\Users\Osaid\Documents\Projectfiles\project.asm
  display_number_1_prompt   0x000078    program     static C:\Users\Osaid\Documents\Projectfiles\project.asm
  display_welcome_message   0x0000a6    program     static C:\Users\Osaid\Documents\Projectfiles\project.asm
                     get0   0x000039    program     static C:\Users\Osaid\Documents\Projectfiles\project.asm
                     get1   0x00003c    program     static C:\Users\Osaid\Documents\Projectfiles\project.asm
                     get2   0x00003f    program     static C:\Users\Osaid\Documents\Projectfiles\project.asm
                     get3   0x000042    program     static C:\Users\Osaid\Documents\Projectfiles\project.asm
                     get4   0x000045    program     static C:\Users\Osaid\Documents\Projectfiles\project.asm
                     get5   0x000048    program     static C:\Users\Osaid\Documents\Projectfiles\project.asm
                inc_digit   0x00004b    program     static C:\Users\Osaid\Documents\Projectfiles\project.asm
                  lcd_cmd   0x0000df    program     static C:\Users\Osaid\Documents\Projectfiles\project.asm
                 lcd_init   0x0000cf    program     static C:\Users\Osaid\Documents\Projectfiles\project.asm
              lcd_pulse_e   0x0000e9    program     static C:\Users\Osaid\Documents\Projectfiles\project.asm
                lcd_write   0x0000e4    program     static C:\Users\Osaid\Documents\Projectfiles\project.asm
                  ms_loop   0x000100    program     static C:\Users\Osaid\Documents\Projectfiles\project.asm
          position_cursor   0x0000a2    program     static C:\Users\Osaid\Documents\Projectfiles\project.asm
                     put0   0x00005f    program     static C:\Users\Osaid\Documents\Projectfiles\project.asm
                     put1   0x000062    program     static C:\Users\Osaid\Documents\Projectfiles\project.asm
                     put2   0x000065    program     static C:\Users\Osaid\Documents\Projectfiles\project.asm
                     put3   0x000068    program     static C:\Users\Osaid\Documents\Projectfiles\project.asm
                     put4   0x00006b    program     static C:\Users\Osaid\Documents\Projectfiles\project.asm
                     put5   0x00006e    program     static C:\Users\Osaid\Documents\Projectfiles\project.asm
          refresh_display   0x000071    program     static C:\Users\Osaid\Documents\Projectfiles\project.asm
             roll_to_zero   0x000051    program     static C:\Users\Osaid\Documents\Projectfiles\project.asm
                    start   0x000005    program     static C:\Users\Osaid\Documents\Projectfiles\project.asm
               store_back   0x000057    program     static C:\Users\Osaid\Documents\Projectfiles\project.asm
                  us_loop   0x000102    program     static C:\Users\Osaid\Documents\Projectfiles\project.asm
         wait_for_release   0x000074    program     static C:\Users\Osaid\Documents\Projectfiles\project.asm



                              Symbols - Sorted by Address
                     Name    Address   Location    Storage File                     
                ---------  ---------  ---------  --------- ---------                
                    start   0x000005    program     static C:\Users\Osaid\Documents\Projectfiles\project.asm
               blink_loop   0x000019    program     static C:\Users\Osaid\Documents\Projectfiles\project.asm
         digit_entry_loop   0x00002c    program     static C:\Users\Osaid\Documents\Projectfiles\project.asm
                     get0   0x000039    program     static C:\Users\Osaid\Documents\Projectfiles\project.asm
                     get1   0x00003c    program     static C:\Users\Osaid\Documents\Projectfiles\project.asm
                     get2   0x00003f    program     static C:\Users\Osaid\Documents\Projectfiles\project.asm
                     get3   0x000042    program     static C:\Users\Osaid\Documents\Projectfiles\project.asm
                     get4   0x000045    program     static C:\Users\Osaid\Documents\Projectfiles\project.asm
                     get5   0x000048    program     static C:\Users\Osaid\Documents\Projectfiles\project.asm
                inc_digit   0x00004b    program     static C:\Users\Osaid\Documents\Projectfiles\project.asm
             roll_to_zero   0x000051    program     static C:\Users\Osaid\Documents\Projectfiles\project.asm
               store_back   0x000057    program     static C:\Users\Osaid\Documents\Projectfiles\project.asm
                     put0   0x00005f    program     static C:\Users\Osaid\Documents\Projectfiles\project.asm
                     put1   0x000062    program     static C:\Users\Osaid\Documents\Projectfiles\project.asm
                     put2   0x000065    program     static C:\Users\Osaid\Documents\Projectfiles\project.asm
                     put3   0x000068    program     static C:\Users\Osaid\Documents\Projectfiles\project.asm
                     put4   0x00006b    program     static C:\Users\Osaid\Documents\Projectfiles\project.asm
                     put5   0x00006e    program     static C:\Users\Osaid\Documents\Projectfiles\project.asm
          refresh_display   0x000071    program     static C:\Users\Osaid\Documents\Projectfiles\project.asm
         wait_for_release   0x000074    program     static C:\Users\Osaid\Documents\Projectfiles\project.asm
  display_number_1_prompt   0x000078    program     static C:\Users\Osaid\Documents\Projectfiles\project.asm
       display_all_digits   0x00008d    program     static C:\Users\Osaid\Documents\Projectfiles\project.asm
          position_cursor   0x0000a2    program     static C:\Users\Osaid\Documents\Projectfiles\project.asm
  display_welcome_message   0x0000a6    program     static C:\Users\Osaid\Documents\Projectfiles\project.asm
                 lcd_init   0x0000cf    program     static C:\Users\Osaid\Documents\Projectfiles\project.asm
                  lcd_cmd   0x0000df    program     static C:\Users\Osaid\Documents\Projectfiles\project.asm
                lcd_write   0x0000e4    program     static C:\Users\Osaid\Documents\Projectfiles\project.asm
              lcd_pulse_e   0x0000e9    program     static C:\Users\Osaid\Documents\Projectfiles\project.asm
                 debounce   0x0000ee    program     static C:\Users\Osaid\Documents\Projectfiles\project.asm
              delay_500ms   0x0000f1    program     static C:\Users\Osaid\Documents\Projectfiles\project.asm
               delay_20ms   0x0000f6    program     static C:\Users\Osaid\Documents\Projectfiles\project.asm
                delay_5ms   0x0000f9    program     static C:\Users\Osaid\Documents\Projectfiles\project.asm
                delay_1ms   0x0000fc    program     static C:\Users\Osaid\Documents\Projectfiles\project.asm
                 delay_ms   0x0000ff    program     static C:\Users\Osaid\Documents\Projectfiles\project.asm
                  ms_loop   0x000100    program     static C:\Users\Osaid\Documents\Projectfiles\project.asm
                  us_loop   0x000102    program     static C:\Users\Osaid\Documents\Projectfiles\project.asm


