MPASM  5.43                       PROJECT.ASM   6-21-2025  20:26:30         PAGE  1


LOC  OBJECT CODE     LINE SOURCE TEXT
  VALUE

                      00001 ; ==============================================================================
                      00002 ; PIC16F877A Division Calculator (Step 2) - 6 Digit Entry with Cursor Movement
                      00003 ; LCD: PORTD = Data, RB0 = RS, RB2 = E, RB3 = Push Button
                      00004 ; Clock = 4MHz
                      00005 ; ==============================================================================
                      00006 
                      00007     #include <p16F877A.inc>
                      00001         LIST
                      00002 
                      00003 ;==========================================================================
                      00004 ;  MPASM PIC16F877A processor include
                      00005 ; 
                      00006 ;  (c) Copyright 1999-2011 Microchip Technology, All rights reserved
                      00007 ;==========================================================================
                      00008 
                      00564         LIST
2007   3F72           00008     __CONFIG _FOSC_HS & _WDTE_OFF & _PWRTE_ON & _BOREN_ON & _LVP_OFF & _CPD_OFF & _WRT_OFF & _DEBUG_OFF 
                            & _CP_OFF
                      00009 
                      00010 ; --- MACROS ---
                      00011 banksel_0 macro
                      00012     bcf STATUS, RP0
                      00013     bcf STATUS, RP1
                      00014     endm
                      00015 
                      00016 banksel_1 macro
                      00017     bsf STATUS, RP0
                      00018     bcf STATUS, RP1
                      00019     endm
                      00020 
                      00021 ; --- VARIABLES ---
                      00022     CBLOCK 0x20
  00000020            00023         delay_ms_count
  00000021            00024         blink_counter
  00000022            00025         temp_char
  00000023            00026         current_digit_value   ; Binary value of digit (0–9)
  00000024            00027         digit_cursor_pos      ; Current digit index (0 to 5)
  00000025            00028         digit_array0
  00000026            00029         digit_array1
  00000027            00030         digit_array2
  00000028            00031         digit_array3
  00000029            00032         digit_array4
  0000002A            00033         digit_array5
                      00034     ENDC
                      00035 
                      00036 ; --- PIN DEFINITIONS ---
  00000000            00037 LCD_RS      EQU     0
  00000002            00038 LCD_E       EQU     2
  00000006            00039 LCD_CTRL    EQU     PORTB
  00000003            00040 P_BUTTON    EQU     3
                      00041 
                      00042 ; --- RESET VECTOR ---
                      00043     ORG 0x0000
MPASM  5.43                       PROJECT.ASM   6-21-2025  20:26:30         PAGE  2


LOC  OBJECT CODE     LINE SOURCE TEXT
  VALUE

0000   2???           00044     goto start
                      00045 
                      00046     ORG 0x0004
0004   0009           00047     retfie
                      00048 
                      00049 ; ==============================================================================
                      00050 ; MAIN PROGRAM
                      00051 ; ==============================================================================
0005                  00052 start
                      00053     banksel_1
0005   1683               M     bsf STATUS, RP0
0006   1303               M     bcf STATUS, RP1
0007   3000           00054     movlw   b'00000000'
Message[302]: Register in operand not in bank 0.  Ensure that bank bits are correct.
0008   0088           00055     movwf   TRISD
0009   30F8           00056     movlw   b'11111000'      ; RB0-2 outputs, RB3 input
Message[302]: Register in operand not in bank 0.  Ensure that bank bits are correct.
000A   0086           00057     movwf   TRISB
                      00058     banksel_0
000B   1283               M     bcf STATUS, RP0
000C   1303               M     bcf STATUS, RP1
                      00059 
                      00060     ; Initialize variables
000D   01A4           00061     clrf digit_cursor_pos
000E   01A5           00062     clrf digit_array0
000F   01A6           00063     clrf digit_array1
0010   01A7           00064     clrf digit_array2
0011   01A8           00065     clrf digit_array3
0012   01A9           00066     clrf digit_array4
0013   01AA           00067     clrf digit_array5
0014   01A3           00068     clrf current_digit_value
                      00069 
0015   2???           00070     call lcd_init
0016   2???           00071     call display_welcome_message
                      00072 
                      00073     ; Blink welcome message 3 times
0017   3003           00074     movlw   .3
0018   00A1           00075     movwf   blink_counter
0019                  00076 blink_loop:
0019   3008           00077     movlw   0x08
001A   2???           00078     call    lcd_cmd
001B   2???           00079     call    delay_500ms
001C   300C           00080     movlw   0x0C
001D   2???           00081     call    lcd_cmd
001E   2???           00082     call    delay_500ms
001F   0BA1           00083     decfsz  blink_counter, 1
0020   2???           00084     goto    blink_loop
                      00085 
                      00086     ; Wait 2 seconds
0021   2???           00087     call delay_500ms
0022   2???           00088     call delay_500ms
0023   2???           00089     call delay_500ms
0024   2???           00090     call delay_500ms
MPASM  5.43                       PROJECT.ASM   6-21-2025  20:26:30         PAGE  3


LOC  OBJECT CODE     LINE SOURCE TEXT
  VALUE

                      00091 
                      00092     ; Ready for input
0025   3001           00093     movlw   0x01
0026   2???           00094     call    lcd_cmd
0027   300F           00095     movlw   0x0F          ; Cursor ON, Blink ON
0028   2???           00096     call    lcd_cmd
                      00097 
0029   2???           00098     call display_number_1_prompt
002A   2???           00099     call display_all_digits
002B   2???           00100     call position_cursor
                      00101 
                      00102 ; ==============================================================================
                      00103 ; MAIN LOOP
                      00104 ; ==============================================================================
002C                  00105 digit_entry_loop:
002C   1D86           00106     btfss   PORTB, P_BUTTON
002D   2???           00107     goto    digit_entry_loop
002E   2???           00108     call    debounce
002F   1D86           00109     btfss   PORTB, P_BUTTON
0030   2???           00110     goto    digit_entry_loop
                      00111 
                      00112     ; Read current digit value from array
0031   0824           00113     movf    digit_cursor_pos, 0
0032   0782           00114     addwf   PCL, f
0033   2???           00115     goto    get0
0034   2???           00116     goto    get1
0035   2???           00117     goto    get2
0036   2???           00118     goto    get3
0037   2???           00119     goto    get4
0038   2???           00120     goto    get5
                      00121 
0039   0825           00122 get0: movf digit_array0, 0
003A   00A3           00123       movwf current_digit_value
003B   2???           00124       goto inc_digit
003C   0826           00125 get1: movf digit_array1, 0
003D   00A3           00126       movwf current_digit_value
003E   2???           00127       goto inc_digit
003F   0827           00128 get2: movf digit_array2, 0
0040   00A3           00129       movwf current_digit_value
0041   2???           00130       goto inc_digit
0042   0828           00131 get3: movf digit_array3, 0
0043   00A3           00132       movwf current_digit_value
0044   2???           00133       goto inc_digit
0045   0829           00134 get4: movf digit_array4, 0
0046   00A3           00135       movwf current_digit_value
0047   2???           00136       goto inc_digit
0048   082A           00137 get5: movf digit_array5, 0
0049   00A3           00138       movwf current_digit_value
004A   2???           00139       goto inc_digit
                      00140 
                      00141 ; --- INCREMENT DIGIT ---
004B                  00142 inc_digit:
004B   0823           00143     movf    current_digit_value, 0
MPASM  5.43                       PROJECT.ASM   6-21-2025  20:26:30         PAGE  4


LOC  OBJECT CODE     LINE SOURCE TEXT
  VALUE

004C   3C09           00144     sublw   9
004D   1903           00145     btfsc   STATUS, Z
004E   2???           00146     goto    roll_to_zero
                      00147 
004F   0AA3           00148     incf    current_digit_value, 1
0050   2???           00149     goto    store_back
                      00150 
0051                  00151 roll_to_zero:
0051   01A3           00152     clrf    current_digit_value
                      00153     ; Move cursor to next digit if not at the last digit
0052   0824           00154     movf    digit_cursor_pos, 0
0053   3C05           00155     sublw   5
0054   1903           00156     btfsc   STATUS, Z
0055   2???           00157     goto    store_back
0056   0AA4           00158     incf    digit_cursor_pos, 1
                      00159 
0057                  00160 store_back:
                      00161     ; Store updated digit back into array
0057   0824           00162     movf    digit_cursor_pos, 0
0058   0782           00163     addwf   PCL, f
0059   2???           00164     goto    put0
005A   2???           00165     goto    put1
005B   2???           00166     goto    put2
005C   2???           00167     goto    put3
005D   2???           00168     goto    put4
005E   2???           00169     goto    put5
                      00170 
005F   0823           00171 put0: movf current_digit_value, 0
0060   00A5           00172       movwf digit_array0
0061   2???           00173       goto refresh_display
0062   0823           00174 put1: movf current_digit_value, 0
0063   00A6           00175       movwf digit_array1
0064   2???           00176       goto refresh_display
0065   0823           00177 put2: movf current_digit_value, 0
0066   00A7           00178       movwf digit_array2
0067   2???           00179       goto refresh_display
0068   0823           00180 put3: movf current_digit_value, 0
0069   00A8           00181       movwf digit_array3
006A   2???           00182       goto refresh_display
006B   0823           00183 put4: movf current_digit_value, 0
006C   00A9           00184       movwf digit_array4
006D   2???           00185       goto refresh_display
006E   0823           00186 put5: movf current_digit_value, 0
006F   00AA           00187       movwf digit_array5
0070   2???           00188       goto refresh_display
                      00189 
0071                  00190 refresh_display:
0071   2???           00191     call display_all_digits
0072   2???           00192     call position_cursor
0073   2???           00193     goto wait_for_release
                      00194 
0074                  00195 wait_for_release:
0074   1986           00196     btfsc PORTB, P_BUTTON
MPASM  5.43                       PROJECT.ASM   6-21-2025  20:26:30         PAGE  5


LOC  OBJECT CODE     LINE SOURCE TEXT
  VALUE

0075   2???           00197     goto wait_for_release
0076   2???           00198     call debounce
0077   2???           00199     goto digit_entry_loop
                      00200 
                      00201 ; ==============================================================================
                      00202 ; SUBROUTINES
                      00203 ; ==============================================================================
                      00204 
0078                  00205 display_number_1_prompt:
0078   3080           00206     movlw   0x80
0079   2???           00207     call    lcd_cmd
007A   304E           00208     movlw   'N'
007B   2???           00209     call    lcd_write
007C   3075           00210     movlw   'u'
007D   2???           00211     call    lcd_write
007E   306D           00212     movlw   'm'
007F   2???           00213     call    lcd_write
0080   3062           00214     movlw   'b'
0081   2???           00215     call    lcd_write
0082   3065           00216     movlw   'e'
0083   2???           00217     call    lcd_write
0084   3072           00218     movlw   'r'
0085   2???           00219     call    lcd_write
0086   3020           00220     movlw   ' '
0087   2???           00221     call    lcd_write
0088   3031           00222     movlw   '1'
0089   2???           00223     call    lcd_write
008A   30C0           00224     movlw   0xC0
008B   2???           00225     call    lcd_cmd
008C   0008           00226     return
                      00227 
008D                  00228 display_all_digits:
008D   30C0           00229     movlw   0xC0
008E   2???           00230     call    lcd_cmd
008F   0825           00231     movf    digit_array0, 0
0090   3E30           00232     addlw   '0'
0091   2???           00233     call    lcd_write
0092   0826           00234     movf    digit_array1, 0
0093   3E30           00235     addlw   '0'
0094   2???           00236     call    lcd_write
0095   0827           00237     movf    digit_array2, 0
0096   3E30           00238     addlw   '0'
0097   2???           00239     call    lcd_write
0098   0828           00240     movf    digit_array3, 0
0099   3E30           00241     addlw   '0'
009A   2???           00242     call    lcd_write
009B   0829           00243     movf    digit_array4, 0
009C   3E30           00244     addlw   '0'
009D   2???           00245     call    lcd_write
009E   082A           00246     movf    digit_array5, 0
009F   3E30           00247     addlw   '0'
00A0   2???           00248     call    lcd_write
00A1   0008           00249     return
MPASM  5.43                       PROJECT.ASM   6-21-2025  20:26:30         PAGE  6


LOC  OBJECT CODE     LINE SOURCE TEXT
  VALUE

                      00250 
00A2                  00251 position_cursor:
00A2   0824           00252     movf    digit_cursor_pos, 0
00A3   3EC0           00253     addlw   0xC0
00A4   2???           00254     call    lcd_cmd
00A5   0008           00255     return
                      00256 
00A6                  00257 display_welcome_message:
00A6   3080           00258     movlw   0x80
00A7   2???           00259     call    lcd_cmd
00A8   3057           00260     movlw   'W'
00A9   2???           00261     call    lcd_write
00AA   3065           00262     movlw   'e'
00AB   2???           00263     call    lcd_write
00AC   306C           00264     movlw   'l'
00AD   2???           00265     call    lcd_write
00AE   3063           00266     movlw   'c'
00AF   2???           00267     call    lcd_write
00B0   306F           00268     movlw   'o'
00B1   2???           00269     call    lcd_write
00B2   306D           00270     movlw   'm'
00B3   2???           00271     call    lcd_write
00B4   3065           00272     movlw   'e'
00B5   2???           00273     call    lcd_write
00B6   3020           00274     movlw   ' '
00B7   2???           00275     call    lcd_write
00B8   3074           00276     movlw   't'
00B9   2???           00277     call    lcd_write
00BA   306F           00278     movlw   'o'
00BB   2???           00279     call    lcd_write
00BC   30C0           00280     movlw   0xC0
00BD   2???           00281     call    lcd_cmd
00BE   3044           00282     movlw   'D'
00BF   2???           00283     call    lcd_write
00C0   3069           00284     movlw   'i'
00C1   2???           00285     call    lcd_write
00C2   3076           00286     movlw   'v'
00C3   2???           00287     call    lcd_write
00C4   3069           00288     movlw   'i'
00C5   2???           00289     call    lcd_write
00C6   3073           00290     movlw   's'
00C7   2???           00291     call    lcd_write
00C8   3069           00292     movlw   'i'
00C9   2???           00293     call    lcd_write
00CA   306F           00294     movlw   'o'
00CB   2???           00295     call    lcd_write
00CC   306E           00296     movlw   'n'
00CD   2???           00297     call    lcd_write
00CE   0008           00298     return
                      00299 
00CF                  00300 lcd_init:
00CF   2???           00301     call delay_20ms
00D0   3038           00302     movlw 0x38
MPASM  5.43                       PROJECT.ASM   6-21-2025  20:26:30         PAGE  7


LOC  OBJECT CODE     LINE SOURCE TEXT
  VALUE

00D1   2???           00303     call lcd_cmd
00D2   2???           00304     call delay_5ms
00D3   3038           00305     movlw 0x38
00D4   2???           00306     call lcd_cmd
00D5   2???           00307     call delay_1ms
00D6   3038           00308     movlw 0x38
00D7   2???           00309     call lcd_cmd
00D8   300F           00310     movlw 0x0F    ; Cursor ON, Blink ON
00D9   2???           00311     call lcd_cmd
00DA   3001           00312     movlw 0x01
00DB   2???           00313     call lcd_cmd
00DC   3006           00314     movlw 0x06
00DD   2???           00315     call lcd_cmd
00DE   0008           00316     return
                      00317 
00DF                  00318 lcd_cmd:
00DF   0088           00319     movwf PORTD
00E0   1006           00320     bcf LCD_CTRL, LCD_RS
00E1   2???           00321     call lcd_pulse_e
00E2   2???           00322     call delay_1ms
00E3   0008           00323     return
                      00324 
00E4                  00325 lcd_write:
00E4   0088           00326     movwf PORTD
00E5   1406           00327     bsf LCD_CTRL, LCD_RS
00E6   2???           00328     call lcd_pulse_e
00E7   2???           00329     call delay_1ms
00E8   0008           00330     return
                      00331 
00E9                  00332 lcd_pulse_e:
00E9   1506           00333     bsf LCD_CTRL, LCD_E
00EA   0000           00334     nop
00EB   0000           00335     nop
00EC   1106           00336     bcf LCD_CTRL, LCD_E
00ED   0008           00337     return
                      00338 
00EE                  00339 debounce:
00EE   3032           00340     movlw .50
00EF   2???           00341     call delay_ms
00F0   0008           00342     return
                      00343 
00F1                  00344 delay_500ms:
00F1   30FA           00345     movlw .250
00F2   2???           00346     call delay_ms
00F3   30FA           00347     movlw .250
00F4   2???           00348     call delay_ms
00F5   0008           00349     return
                      00350 
00F6                  00351 delay_20ms:
00F6   3014           00352     movlw .20
00F7   2???           00353     call delay_ms
00F8   0008           00354     return
                      00355 
MPASM  5.43                       PROJECT.ASM   6-21-2025  20:26:30         PAGE  8


LOC  OBJECT CODE     LINE SOURCE TEXT
  VALUE

00F9                  00356 delay_5ms:
00F9   3005           00357     movlw .5
00FA   2???           00358     call delay_ms
00FB   0008           00359     return
                      00360 
00FC                  00361 delay_1ms:
00FC   3001           00362     movlw .1
00FD   2???           00363     call delay_ms
00FE   0008           00364     return
                      00365 
00FF                  00366 delay_ms:
00FF   00A0           00367     movwf delay_ms_count
0100                  00368 ms_loop:
0100   30C7           00369     movlw 0xC7
0101   00A2           00370     movwf temp_char
0102                  00371 us_loop:
0102   0BA2           00372     decfsz temp_char, 1
0103   2???           00373     goto us_loop
0104   0BA0           00374     decfsz delay_ms_count, 1
0105   2???           00375     goto ms_loop
0106   0008           00376     return
                      00377 
3F72                  00378     END
MPASM  5.43                       PROJECT.ASM   6-21-2025  20:26:30         PAGE  9


SYMBOL TABLE
  LABEL                             VALUE 

ACKDT                             00000005
ACKEN                             00000004
ACKSTAT                           00000006
ADCON0                            0000001F
ADCON1                            0000009F
ADCS0                             00000006
ADCS1                             00000007
ADCS2                             00000006
ADDEN                             00000003
ADFM                              00000007
ADIE                              00000006
ADIF                              00000006
ADON                              00000000
ADRESH                            0000001E
ADRESL                            0000009E
BCLIE                             00000003
BCLIF                             00000003
BF                                00000000
BRGH                              00000002
C                                 00000000
C1INV                             00000004
C1OUT                             00000006
C2INV                             00000005
C2OUT                             00000007
CCP1CON                           00000017
CCP1IE                            00000002
CCP1IF                            00000002
CCP1M0                            00000000
CCP1M1                            00000001
CCP1M2                            00000002
CCP1M3                            00000003
CCP1X                             00000005
CCP1Y                             00000004
CCP2CON                           0000001D
CCP2IE                            00000000
CCP2IF                            00000000
CCP2M0                            00000000
CCP2M1                            00000001
CCP2M2                            00000002
CCP2M3                            00000003
CCP2X                             00000005
CCP2Y                             00000004
CCPR1                             00000015
CCPR1H                            00000016
CCPR1L                            00000015
CCPR2                             0000001B
CCPR2H                            0000001C
CCPR2L                            0000001B
CHS0                              00000003
CHS1                              00000004
CHS2                              00000005
CIS                               00000003
CKE                               00000006
MPASM  5.43                       PROJECT.ASM   6-21-2025  20:26:30         PAGE 10


SYMBOL TABLE
  LABEL                             VALUE 

CKP                               00000004
CM0                               00000000
CM1                               00000001
CM2                               00000002
CMCON                             0000009C
CMIE                              00000006
CMIF                              00000006
CREN                              00000004
CSRC                              00000007
CVR0                              00000000
CVR1                              00000001
CVR2                              00000002
CVR3                              00000003
CVRCON                            0000009D
CVREN                             00000007
CVROE                             00000006
CVRR                              00000005
D                                 00000005
DATA_ADDRESS                      00000005
DC                                00000001
D_A                               00000005
D_NOT_A                           00000005
EEADR                             0000010D
EEADRH                            0000010F
EECON1                            0000018C
EECON2                            0000018D
EEDATA                            0000010C
EEDATH                            0000010E
EEIE                              00000004
EEIF                              00000004
EEPGD                             00000007
F                                 00000001
FERR                              00000002
FSR                               00000004
GCEN                              00000007
GIE                               00000007
GO                                00000002
GO_DONE                           00000002
GO_NOT_DONE                       00000002
I2C_DATA                          00000005
I2C_READ                          00000002
I2C_START                         00000003
I2C_STOP                          00000004
IBF                               00000007
IBOV                              00000005
INDF                              00000000
INTCON                            0000000B
INTE                              00000004
INTEDG                            00000006
INTF                              00000001
IRP                               00000007
LCD_CTRL                          00000006
LCD_E                             00000002
MPASM  5.43                       PROJECT.ASM   6-21-2025  20:26:30         PAGE 11


SYMBOL TABLE
  LABEL                             VALUE 

LCD_RS                            00000000
NOT_A                             00000005
NOT_ADDRESS                       00000005
NOT_BO                            00000000
NOT_BOR                           00000000
NOT_DONE                          00000002
NOT_PD                            00000003
NOT_POR                           00000001
NOT_RBPU                          00000007
NOT_RC8                           00000006
NOT_T1SYNC                        00000002
NOT_TO                            00000004
NOT_TX8                           00000006
NOT_W                             00000002
NOT_WRITE                         00000002
OBF                               00000006
OERR                              00000001
OPTION_REG                        00000081
P                                 00000004
PCFG0                             00000000
PCFG1                             00000001
PCFG2                             00000002
PCFG3                             00000003
PCL                               00000002
PCLATH                            0000000A
PCON                              0000008E
PEIE                              00000006
PEN                               00000002
PIE1                              0000008C
PIE2                              0000008D
PIR1                              0000000C
PIR2                              0000000D
PORTA                             00000005
PORTB                             00000006
PORTC                             00000007
PORTD                             00000008
PORTE                             00000009
PR2                               00000092
PS0                               00000000
PS1                               00000001
PS2                               00000002
PSA                               00000003
PSPIE                             00000007
PSPIF                             00000007
PSPMODE                           00000004
P_BUTTON                          00000003
R                                 00000002
RA0                               00000000
RA1                               00000001
RA2                               00000002
RA3                               00000003
RA4                               00000004
RA5                               00000005
MPASM  5.43                       PROJECT.ASM   6-21-2025  20:26:30         PAGE 12


SYMBOL TABLE
  LABEL                             VALUE 

RB0                               00000000
RB1                               00000001
RB2                               00000002
RB3                               00000003
RB4                               00000004
RB5                               00000005
RB6                               00000006
RB7                               00000007
RBIE                              00000003
RBIF                              00000000
RC0                               00000000
RC1                               00000001
RC2                               00000002
RC3                               00000003
RC4                               00000004
RC5                               00000005
RC6                               00000006
RC7                               00000007
RC8_9                             00000006
RC9                               00000006
RCD8                              00000000
RCEN                              00000003
RCIE                              00000005
RCIF                              00000005
RCREG                             0000001A
RCSTA                             00000018
RD                                00000000
RD0                               00000000
RD1                               00000001
RD2                               00000002
RD3                               00000003
RD4                               00000004
RD5                               00000005
RD6                               00000006
RD7                               00000007
RE0                               00000000
RE1                               00000001
RE2                               00000002
READ_WRITE                        00000002
RP0                               00000005
RP1                               00000006
RSEN                              00000001
RX9                               00000006
RX9D                              00000000
R_NOT_W                           00000002
R_W                               00000002
S                                 00000003
SEN                               00000000
SMP                               00000007
SPBRG                             00000099
SPEN                              00000007
SREN                              00000005
SSPADD                            00000093
MPASM  5.43                       PROJECT.ASM   6-21-2025  20:26:30         PAGE 13


SYMBOL TABLE
  LABEL                             VALUE 

SSPBUF                            00000013
SSPCON                            00000014
SSPCON2                           00000091
SSPEN                             00000005
SSPIE                             00000003
SSPIF                             00000003
SSPM0                             00000000
SSPM1                             00000001
SSPM2                             00000002
SSPM3                             00000003
SSPOV                             00000006
SSPSTAT                           00000094
STATUS                            00000003
SYNC                              00000004
T0CS                              00000005
T0IE                              00000005
T0IF                              00000002
T0SE                              00000004
T1CKPS0                           00000004
T1CKPS1                           00000005
T1CON                             00000010
T1INSYNC                          00000002
T1OSCEN                           00000003
T1SYNC                            00000002
T2CKPS0                           00000000
T2CKPS1                           00000001
T2CON                             00000012
TMR0                              00000001
TMR0IE                            00000005
TMR0IF                            00000002
TMR1CS                            00000001
TMR1H                             0000000F
TMR1IE                            00000000
TMR1IF                            00000000
TMR1L                             0000000E
TMR1ON                            00000000
TMR2                              00000011
TMR2IE                            00000001
TMR2IF                            00000001
TMR2ON                            00000002
TOUTPS0                           00000003
TOUTPS1                           00000004
TOUTPS2                           00000005
TOUTPS3                           00000006
TRISA                             00000085
TRISA0                            00000000
TRISA1                            00000001
TRISA2                            00000002
TRISA3                            00000003
TRISA4                            00000004
TRISA5                            00000005
TRISB                             00000086
TRISB0                            00000000
MPASM  5.43                       PROJECT.ASM   6-21-2025  20:26:30         PAGE 14


SYMBOL TABLE
  LABEL                             VALUE 

TRISB1                            00000001
TRISB2                            00000002
TRISB3                            00000003
TRISB4                            00000004
TRISB5                            00000005
TRISB6                            00000006
TRISB7                            00000007
TRISC                             00000087
TRISC0                            00000000
TRISC1                            00000001
TRISC2                            00000002
TRISC3                            00000003
TRISC4                            00000004
TRISC5                            00000005
TRISC6                            00000006
TRISC7                            00000007
TRISD                             00000088
TRISD0                            00000000
TRISD1                            00000001
TRISD2                            00000002
TRISD3                            00000003
TRISD4                            00000004
TRISD5                            00000005
TRISD6                            00000006
TRISD7                            00000007
TRISE                             00000089
TRISE0                            00000000
TRISE1                            00000001
TRISE2                            00000002
TRMT                              00000001
TX8_9                             00000006
TX9                               00000006
TX9D                              00000000
TXD8                              00000000
TXEN                              00000005
TXIE                              00000004
TXIF                              00000004
TXREG                             00000019
TXSTA                             00000098
UA                                00000001
W                                 00000000
WCOL                              00000007
WR                                00000001
WREN                              00000002
WRERR                             00000003
Z                                 00000002
_BODEN_OFF                        00003FBF
_BODEN_ON                         00003FFF
_BOREN_OFF                        00003FBF
_BOREN_ON                         00003FFF
_CONFIG                           00002007
_CPD_OFF                          00003FFF
_CPD_ON                           00003EFF
MPASM  5.43                       PROJECT.ASM   6-21-2025  20:26:30         PAGE 15


SYMBOL TABLE
  LABEL                             VALUE 

_CP_ALL                           00001FFF
_CP_OFF                           00003FFF
_CP_ON                            00001FFF
_DEBUG_OFF                        00003FFF
_DEBUG_ON                         000037FF
_DEVID1                           00002006
_FOSC_EXTRC                       00003FFF
_FOSC_HS                          00003FFE
_FOSC_LP                          00003FFC
_FOSC_XT                          00003FFD
_HS_OSC                           00003FFE
_IDLOC0                           00002000
_IDLOC1                           00002001
_IDLOC2                           00002002
_IDLOC3                           00002003
_LP_OSC                           00003FFC
_LVP_OFF                          00003F7F
_LVP_ON                           00003FFF
_PWRTE_OFF                        00003FFF
_PWRTE_ON                         00003FF7
_RC_OSC                           00003FFF
_WDTE_OFF                         00003FFB
_WDTE_ON                          00003FFF
_WDT_OFF                          00003FFB
_WDT_ON                           00003FFF
_WRT_1FOURTH                      00003BFF
_WRT_256                          00003DFF
_WRT_HALF                         000039FF
_WRT_OFF                          00003FFF
_XT_OSC                           00003FFD
__16F877A                         00000001
__DEBUG                           1
banksel_0                         
banksel_1                         
blink_counter                     00000021
blink_loop                        00000019
current_digit_value               00000023
debounce                          000000EE
delay_1ms                         000000FC
delay_20ms                        000000F6
delay_500ms                       000000F1
delay_5ms                         000000F9
delay_ms                          000000FF
delay_ms_count                    00000020
digit_array0                      00000025
digit_array1                      00000026
digit_array2                      00000027
digit_array3                      00000028
digit_array4                      00000029
digit_array5                      0000002A
digit_cursor_pos                  00000024
digit_entry_loop                  0000002C
display_all_digits                0000008D
MPASM  5.43                       PROJECT.ASM   6-21-2025  20:26:30         PAGE 16


SYMBOL TABLE
  LABEL                             VALUE 

display_number_1_prompt           00000078
display_welcome_message           000000A6
get0                              00000039
get1                              0000003C
get2                              0000003F
get3                              00000042
get4                              00000045
get5                              00000048
inc_digit                         0000004B
lcd_cmd                           000000DF
lcd_init                          000000CF
lcd_pulse_e                       000000E9
lcd_write                         000000E4
ms_loop                           00000100
position_cursor                   000000A2
put0                              0000005F
put1                              00000062
put2                              00000065
put3                              00000068
put4                              0000006B
put5                              0000006E
refresh_display                   00000071
roll_to_zero                      00000051
start                             00000005
store_back                        00000057
temp_char                         00000022
us_loop                           00000102
wait_for_release                  00000074

Errors   :     0
Warnings :     0 reported,     0 suppressed
Messages :     2 reported,     0 suppressed

