MPLINK 4.41, Linker
Linker Map File - Created Sun Jul 06 21:11:17 2025

                                 Section Info
                  Section       Type    Address   Location Size(Bytes)
                ---------  ---------  ---------  ---------  ---------
                   .org_0       code   0x000000    program   0x000002
                   .cinit    romdata   0x000001    program   0x000004
                   .org_1       code   0x000004    program   0x0003f2
      .config_2007_PIC2.O       code   0x002007    program   0x000002



                              Program Memory Usage 
                               Start         End      
                           ---------   ---------      
                            0x000000    0x000002      
                            0x000004    0x0001fc      
                            0x002007    0x002007      
            509 out of 8454 program addresses used, program memory utilization is 6%



                              Symbols - Sorted by Name
                     Name    Address   Location    Storage File                     
                ---------  ---------  ---------  --------- ---------                
                USART_ISR   0x000022    program     static C:\Users\moath\Desktop\Last\PIC-Assembly-Project-main\pic2.asm
             _.org_1_0091   0x000091    program     static C:\Users\moath\Desktop\Last\PIC-Assembly-Project-main\pic2.asm
                b_f_h_d_0   0x000190    program     static C:\Users\moath\Desktop\Last\PIC-Assembly-Project-main\pic2.asm
                b_f_h_d_1   0x000195    program     static C:\Users\moath\Desktop\Last\PIC-Assembly-Project-main\pic2.asm
               b_f_h_d_10   0x0001c2    program     static C:\Users\moath\Desktop\Last\PIC-Assembly-Project-main\pic2.asm
               b_f_h_d_11   0x0001c7    program     static C:\Users\moath\Desktop\Last\PIC-Assembly-Project-main\pic2.asm
                b_f_h_d_2   0x00019a    program     static C:\Users\moath\Desktop\Last\PIC-Assembly-Project-main\pic2.asm
                b_f_h_d_3   0x00019f    program     static C:\Users\moath\Desktop\Last\PIC-Assembly-Project-main\pic2.asm
                b_f_h_d_4   0x0001a4    program     static C:\Users\moath\Desktop\Last\PIC-Assembly-Project-main\pic2.asm
                b_f_h_d_5   0x0001a9    program     static C:\Users\moath\Desktop\Last\PIC-Assembly-Project-main\pic2.asm
                b_f_h_d_6   0x0001ae    program     static C:\Users\moath\Desktop\Last\PIC-Assembly-Project-main\pic2.asm
                b_f_h_d_7   0x0001b3    program     static C:\Users\moath\Desktop\Last\PIC-Assembly-Project-main\pic2.asm
                b_f_h_d_8   0x0001b8    program     static C:\Users\moath\Desktop\Last\PIC-Assembly-Project-main\pic2.asm
                b_f_h_d_9   0x0001bd    program     static C:\Users\moath\Desktop\Last\PIC-Assembly-Project-main\pic2.asm
           check_comp_res   0x000138    program     static C:\Users\moath\Desktop\Last\PIC-Assembly-Project-main\pic2.asm
    compare_13x12_numbers   0x000104    program     static C:\Users\moath\Desktop\Last\PIC-Assembly-Project-main\pic2.asm
         compare_lower_12   0x00010a    program     static C:\Users\moath\Desktop\Last\PIC-Assembly-Project-main\pic2.asm
                delay_1ms   0x0001d4    program     static C:\Users\moath\Desktop\Last\PIC-Assembly-Project-main\pic2.asm
               delay_20ms   0x0001ce    program     static C:\Users\moath\Desktop\Last\PIC-Assembly-Project-main\pic2.asm
              delay_500ms   0x0001c9    program     static C:\Users\moath\Desktop\Last\PIC-Assembly-Project-main\pic2.asm
                delay_5ms   0x0001d1    program     static C:\Users\moath\Desktop\Last\PIC-Assembly-Project-main\pic2.asm
                 delay_ms   0x0001d7    program     static C:\Users\moath\Desktop\Last\PIC-Assembly-Project-main\pic2.asm
               digit_loop   0x0000d4    program     static C:\Users\moath\Desktop\Last\PIC-Assembly-Project-main\pic2.asm
        end_subtract_loop   0x0000f8    program     static C:\Users\moath\Desktop\Last\PIC-Assembly-Project-main\pic2.asm
     init_slave_variables   0x000062    program     static C:\Users\moath\Desktop\Last\PIC-Assembly-Project-main\pic2.asm
               init_usart   0x00004f    program     static C:\Users\moath\Desktop\Last\PIC-Assembly-Project-main\pic2.asm
                 isr_exit   0x00004d    program     static C:\Users\moath\Desktop\Last\PIC-Assembly-Project-main\pic2.asm
                  ms_loop   0x0001d8    program     static C:\Users\moath\Desktop\Last\PIC-Assembly-Project-main\pic2.asm
   perform_18x12_division   0x0000c1    program     static C:\Users\moath\Desktop\Last\PIC-Assembly-Project-main\pic2.asm
         perform_division   0x000018    program     static C:\Users\moath\Desktop\Last\PIC-Assembly-Project-main\pic2.asm
  prepare_division_inputs   0x000096    program     static C:\Users\moath\Desktop\Last\PIC-Assembly-Project-main\pic2.asm
reset_slave_for_next_calculation   0x0001df    program     static C:\Users\moath\Desktop\Last\PIC-Assembly-Project-main\pic2.asm
               skip_store   0x000101    program     static C:\Users\moath\Desktop\Last\PIC-Assembly-Project-main\pic2.asm
          slave_main_loop   0x000013    program     static C:\Users\moath\Desktop\Last\PIC-Assembly-Project-main\pic2.asm
              slave_start   0x000005    program     static C:\Users\moath\Desktop\Last\PIC-Assembly-Project-main\pic2.asm
       store_first_number   0x000030    program     static C:\Users\moath\Desktop\Last\PIC-Assembly-Project-main\pic2.asm
      store_second_number   0x00003f    program     static C:\Users\moath\Desktop\Last\PIC-Assembly-Project-main\pic2.asm
                   sub_d1   0x000142    program     static C:\Users\moath\Desktop\Last\PIC-Assembly-Project-main\pic2.asm
                  sub_d10   0x000181    program     static C:\Users\moath\Desktop\Last\PIC-Assembly-Project-main\pic2.asm
                  sub_d11   0x000188    program     static C:\Users\moath\Desktop\Last\PIC-Assembly-Project-main\pic2.asm
                   sub_d2   0x000149    program     static C:\Users\moath\Desktop\Last\PIC-Assembly-Project-main\pic2.asm
                   sub_d3   0x000150    program     static C:\Users\moath\Desktop\Last\PIC-Assembly-Project-main\pic2.asm
                   sub_d4   0x000157    program     static C:\Users\moath\Desktop\Last\PIC-Assembly-Project-main\pic2.asm
                   sub_d5   0x00015e    program     static C:\Users\moath\Desktop\Last\PIC-Assembly-Project-main\pic2.asm
                   sub_d6   0x000165    program     static C:\Users\moath\Desktop\Last\PIC-Assembly-Project-main\pic2.asm
                   sub_d7   0x00016c    program     static C:\Users\moath\Desktop\Last\PIC-Assembly-Project-main\pic2.asm
                   sub_d8   0x000173    program     static C:\Users\moath\Desktop\Last\PIC-Assembly-Project-main\pic2.asm
                   sub_d9   0x00017a    program     static C:\Users\moath\Desktop\Last\PIC-Assembly-Project-main\pic2.asm
   subtract_13x12_numbers   0x00013b    program     static C:\Users\moath\Desktop\Last\PIC-Assembly-Project-main\pic2.asm
            subtract_loop   0x0000f2    program     static C:\Users\moath\Desktop\Last\PIC-Assembly-Project-main\pic2.asm
            transmit_loop   0x000082    program     static C:\Users\moath\Desktop\Last\PIC-Assembly-Project-main\pic2.asm
transmit_result_to_master   0x000081    program     static C:\Users\moath\Desktop\Last\PIC-Assembly-Project-main\pic2.asm
                  us_loop   0x0001da    program     static C:\Users\moath\Desktop\Last\PIC-Assembly-Project-main\pic2.asm
          usart_send_byte   0x00008e    program     static C:\Users\moath\Desktop\Last\PIC-Assembly-Project-main\pic2.asm



                              Symbols - Sorted by Address
                     Name    Address   Location    Storage File                     
                ---------  ---------  ---------  --------- ---------                
              slave_start   0x000005    program     static C:\Users\moath\Desktop\Last\PIC-Assembly-Project-main\pic2.asm
          slave_main_loop   0x000013    program     static C:\Users\moath\Desktop\Last\PIC-Assembly-Project-main\pic2.asm
         perform_division   0x000018    program     static C:\Users\moath\Desktop\Last\PIC-Assembly-Project-main\pic2.asm
                USART_ISR   0x000022    program     static C:\Users\moath\Desktop\Last\PIC-Assembly-Project-main\pic2.asm
       store_first_number   0x000030    program     static C:\Users\moath\Desktop\Last\PIC-Assembly-Project-main\pic2.asm
      store_second_number   0x00003f    program     static C:\Users\moath\Desktop\Last\PIC-Assembly-Project-main\pic2.asm
                 isr_exit   0x00004d    program     static C:\Users\moath\Desktop\Last\PIC-Assembly-Project-main\pic2.asm
               init_usart   0x00004f    program     static C:\Users\moath\Desktop\Last\PIC-Assembly-Project-main\pic2.asm
     init_slave_variables   0x000062    program     static C:\Users\moath\Desktop\Last\PIC-Assembly-Project-main\pic2.asm
transmit_result_to_master   0x000081    program     static C:\Users\moath\Desktop\Last\PIC-Assembly-Project-main\pic2.asm
            transmit_loop   0x000082    program     static C:\Users\moath\Desktop\Last\PIC-Assembly-Project-main\pic2.asm
          usart_send_byte   0x00008e    program     static C:\Users\moath\Desktop\Last\PIC-Assembly-Project-main\pic2.asm
             _.org_1_0091   0x000091    program     static C:\Users\moath\Desktop\Last\PIC-Assembly-Project-main\pic2.asm
  prepare_division_inputs   0x000096    program     static C:\Users\moath\Desktop\Last\PIC-Assembly-Project-main\pic2.asm
   perform_18x12_division   0x0000c1    program     static C:\Users\moath\Desktop\Last\PIC-Assembly-Project-main\pic2.asm
               digit_loop   0x0000d4    program     static C:\Users\moath\Desktop\Last\PIC-Assembly-Project-main\pic2.asm
            subtract_loop   0x0000f2    program     static C:\Users\moath\Desktop\Last\PIC-Assembly-Project-main\pic2.asm
        end_subtract_loop   0x0000f8    program     static C:\Users\moath\Desktop\Last\PIC-Assembly-Project-main\pic2.asm
               skip_store   0x000101    program     static C:\Users\moath\Desktop\Last\PIC-Assembly-Project-main\pic2.asm
    compare_13x12_numbers   0x000104    program     static C:\Users\moath\Desktop\Last\PIC-Assembly-Project-main\pic2.asm
         compare_lower_12   0x00010a    program     static C:\Users\moath\Desktop\Last\PIC-Assembly-Project-main\pic2.asm
           check_comp_res   0x000138    program     static C:\Users\moath\Desktop\Last\PIC-Assembly-Project-main\pic2.asm
   subtract_13x12_numbers   0x00013b    program     static C:\Users\moath\Desktop\Last\PIC-Assembly-Project-main\pic2.asm
                   sub_d1   0x000142    program     static C:\Users\moath\Desktop\Last\PIC-Assembly-Project-main\pic2.asm
                   sub_d2   0x000149    program     static C:\Users\moath\Desktop\Last\PIC-Assembly-Project-main\pic2.asm
                   sub_d3   0x000150    program     static C:\Users\moath\Desktop\Last\PIC-Assembly-Project-main\pic2.asm
                   sub_d4   0x000157    program     static C:\Users\moath\Desktop\Last\PIC-Assembly-Project-main\pic2.asm
                   sub_d5   0x00015e    program     static C:\Users\moath\Desktop\Last\PIC-Assembly-Project-main\pic2.asm
                   sub_d6   0x000165    program     static C:\Users\moath\Desktop\Last\PIC-Assembly-Project-main\pic2.asm
                   sub_d7   0x00016c    program     static C:\Users\moath\Desktop\Last\PIC-Assembly-Project-main\pic2.asm
                   sub_d8   0x000173    program     static C:\Users\moath\Desktop\Last\PIC-Assembly-Project-main\pic2.asm
                   sub_d9   0x00017a    program     static C:\Users\moath\Desktop\Last\PIC-Assembly-Project-main\pic2.asm
                  sub_d10   0x000181    program     static C:\Users\moath\Desktop\Last\PIC-Assembly-Project-main\pic2.asm
                  sub_d11   0x000188    program     static C:\Users\moath\Desktop\Last\PIC-Assembly-Project-main\pic2.asm
                b_f_h_d_0   0x000190    program     static C:\Users\moath\Desktop\Last\PIC-Assembly-Project-main\pic2.asm
                b_f_h_d_1   0x000195    program     static C:\Users\moath\Desktop\Last\PIC-Assembly-Project-main\pic2.asm
                b_f_h_d_2   0x00019a    program     static C:\Users\moath\Desktop\Last\PIC-Assembly-Project-main\pic2.asm
                b_f_h_d_3   0x00019f    program     static C:\Users\moath\Desktop\Last\PIC-Assembly-Project-main\pic2.asm
                b_f_h_d_4   0x0001a4    program     static C:\Users\moath\Desktop\Last\PIC-Assembly-Project-main\pic2.asm
                b_f_h_d_5   0x0001a9    program     static C:\Users\moath\Desktop\Last\PIC-Assembly-Project-main\pic2.asm
                b_f_h_d_6   0x0001ae    program     static C:\Users\moath\Desktop\Last\PIC-Assembly-Project-main\pic2.asm
                b_f_h_d_7   0x0001b3    program     static C:\Users\moath\Desktop\Last\PIC-Assembly-Project-main\pic2.asm
                b_f_h_d_8   0x0001b8    program     static C:\Users\moath\Desktop\Last\PIC-Assembly-Project-main\pic2.asm
                b_f_h_d_9   0x0001bd    program     static C:\Users\moath\Desktop\Last\PIC-Assembly-Project-main\pic2.asm
               b_f_h_d_10   0x0001c2    program     static C:\Users\moath\Desktop\Last\PIC-Assembly-Project-main\pic2.asm
               b_f_h_d_11   0x0001c7    program     static C:\Users\moath\Desktop\Last\PIC-Assembly-Project-main\pic2.asm
              delay_500ms   0x0001c9    program     static C:\Users\moath\Desktop\Last\PIC-Assembly-Project-main\pic2.asm
               delay_20ms   0x0001ce    program     static C:\Users\moath\Desktop\Last\PIC-Assembly-Project-main\pic2.asm
                delay_5ms   0x0001d1    program     static C:\Users\moath\Desktop\Last\PIC-Assembly-Project-main\pic2.asm
                delay_1ms   0x0001d4    program     static C:\Users\moath\Desktop\Last\PIC-Assembly-Project-main\pic2.asm
                 delay_ms   0x0001d7    program     static C:\Users\moath\Desktop\Last\PIC-Assembly-Project-main\pic2.asm
                  ms_loop   0x0001d8    program     static C:\Users\moath\Desktop\Last\PIC-Assembly-Project-main\pic2.asm
                  us_loop   0x0001da    program     static C:\Users\moath\Desktop\Last\PIC-Assembly-Project-main\pic2.asm
reset_slave_for_next_calculation   0x0001df    program     static C:\Users\moath\Desktop\Last\PIC-Assembly-Project-main\pic2.asm


